00:00 +0: loading C:/Users/betoq/AppData/Local/Temp/dopmi-parity-20260930/mobile/test/discovery_motion_test.dart
00:00 +0: burst pointer movement accumulates before redraw: false/false
══╡ EXCEPTION CAUGHT BY FLUTTER TEST FRAMEWORK ╞════════════════════════════════════════════════════
The following TestFailure was thrown running a test:
Expected: a numeric value within <0.001> of <-160>
  Actual: <-40.0>
   Which:  differs by <120.0>

When the exception was thrown, this was the stack:
#4      main.<anonymous closure> (file:///C:/Users/betoq/AppData/Local/Temp/dopmi-parity-20260930/mobile/test/discovery_motion_test.dart:86:11)
<asynchronous suspension>
#5      testWidgets.<anonymous closure>.<anonymous closure> (package:flutter_test/src/widget_tester.dart:192:15)
<asynchronous suspension>
#6      TestWidgetsFlutterBinding._runTestBody (package:flutter_test/src/binding.dart:1953:5)
<asynchronous suspension>
<asynchronous suspension>
(elided one frame from package:stack_trace)

This was caught by the test expectation on the following line:
  file:///C:/Users/betoq/AppData/Local/Temp/dopmi-parity-20260930/mobile/test/discovery_motion_test.dart line 86
The test description was:
  burst pointer movement accumulates before redraw: false/false
════════════════════════════════════════════════════════════════════════════════════════════════════
00:02 +0 -1: burst pointer movement accumulates before redraw: false/false [E]
  Test failed. See exception logs above.
  The test description was: burst pointer movement accumulates before redraw: false/false
  
00:02 +0 -1: burst pointer movement accumulates before redraw: false/true
══╡ EXCEPTION CAUGHT BY FLUTTER TEST FRAMEWORK ╞════════════════════════════════════════════════════
The following TestFailure was thrown running a test:
Expected: a numeric value within <0.001> of <160>
  Actual: <40.0>
   Which:  differs by <120.0>

When the exception was thrown, this was the stack:
#4      main.<anonymous closure> (file:///C:/Users/betoq/AppData/Local/Temp/dopmi-parity-20260930/mobile/test/discovery_motion_test.dart:86:11)
<asynchronous suspension>
#5      testWidgets.<anonymous closure>.<anonymous closure> (package:flutter_test/src/widget_tester.dart:192:15)
<asynchronous suspension>
#6      TestWidgetsFlutterBinding._runTestBody (package:flutter_test/src/binding.dart:1953:5)
<asynchronous suspension>
<asynchronous suspension>
(elided one frame from package:stack_trace)

This was caught by the test expectation on the following line:
  file:///C:/Users/betoq/AppData/Local/Temp/dopmi-parity-20260930/mobile/test/discovery_motion_test.dart line 86
The test description was:
  burst pointer movement accumulates before redraw: false/true
════════════════════════════════════════════════════════════════════════════════════════════════════
00:02 +0 -2: burst pointer movement accumulates before redraw: false/true [E]
  Test failed. See exception logs above.
  The test description was: burst pointer movement accumulates before redraw: false/true
  
00:02 +0 -2: burst pointer movement accumulates before redraw: true/false
══╡ EXCEPTION CAUGHT BY FLUTTER TEST FRAMEWORK ╞════════════════════════════════════════════════════
The following TestFailure was thrown running a test:
Expected: a numeric value within <0.001> of <-160>
  Actual: <-40.0>
   Which:  differs by <120.0>

When the exception was thrown, this was the stack:
#4      main.<anonymous closure> (file:///C:/Users/betoq/AppData/Local/Temp/dopmi-parity-20260930/mobile/test/discovery_motion_test.dart:86:11)
<asynchronous suspension>
#5      testWidgets.<anonymous closure>.<anonymous closure> (package:flutter_test/src/widget_tester.dart:192:15)
<asynchronous suspension>
#6      TestWidgetsFlutterBinding._runTestBody (package:flutter_test/src/binding.dart:1953:5)
<asynchronous suspension>
<asynchronous suspension>
(elided one frame from package:stack_trace)

This was caught by the test expectation on the following line:
  file:///C:/Users/betoq/AppData/Local/Temp/dopmi-parity-20260930/mobile/test/discovery_motion_test.dart line 86
The test description was:
  burst pointer movement accumulates before redraw: true/false
════════════════════════════════════════════════════════════════════════════════════════════════════
00:02 +0 -3: burst pointer movement accumulates before redraw: true/false [E]
  Test failed. See exception logs above.
  The test description was: burst pointer movement accumulates before redraw: true/false
  
00:02 +0 -3: burst pointer movement accumulates before redraw: true/true
══╡ EXCEPTION CAUGHT BY FLUTTER TEST FRAMEWORK ╞════════════════════════════════════════════════════
The following TestFailure was thrown running a test:
Expected: a numeric value within <0.001> of <160>
  Actual: <40.0>
   Which:  differs by <120.0>

When the exception was thrown, this was the stack:
#4      main.<anonymous closure> (file:///C:/Users/betoq/AppData/Local/Temp/dopmi-parity-20260930/mobile/test/discovery_motion_test.dart:86:11)
<asynchronous suspension>
#5      testWidgets.<anonymous closure>.<anonymous closure> (package:flutter_test/src/widget_tester.dart:192:15)
<asynchronous suspension>
#6      TestWidgetsFlutterBinding._runTestBody (package:flutter_test/src/binding.dart:1953:5)
<asynchronous suspension>
<asynchronous suspension>
(elided one frame from package:stack_trace)

This was caught by the test expectation on the following line:
  file:///C:/Users/betoq/AppData/Local/Temp/dopmi-parity-20260930/mobile/test/discovery_motion_test.dart line 86
The test description was:
  burst pointer movement accumulates before redraw: true/true
════════════════════════════════════════════════════════════════════════════════════════════════════
00:03 +0 -4: burst pointer movement accumulates before redraw: true/true [E]
  Test failed. See exception logs above.
  The test description was: burst pointer movement accumulates before redraw: true/true
  
00:03 +0 -4: Some tests failed.

Failing tests:
  C:/Users/betoq/AppData/Local/Temp/dopmi-parity-20260930/mobile/test/discovery_motion_test.dart: burst pointer movement accumulates before redraw: false/false
  C:/Users/betoq/AppData/Local/Temp/dopmi-parity-20260930/mobile/test/discovery_motion_test.dart: burst pointer movement accumulates before redraw: false/true
  C:/Users/betoq/AppData/Local/Temp/dopmi-parity-20260930/mobile/test/discovery_motion_test.dart: burst pointer movement accumulates before redraw: true/false
  C:/Users/betoq/AppData/Local/Temp/dopmi-parity-20260930/mobile/test/discovery_motion_test.dart: burst pointer movement accumulates before redraw: true/true
