00:00 +0: loading C:/Users/betoq/AppData/Local/Temp/dopmi-parity-20260930/mobile/test/discovery_motion_test.dart
00:00 +0: guest save requests login without advancing or writing favorite
00:01 +1: photo retry receives tap through decorative gradient
00:01 +2: burst pointer movement accumulates before redraw: false/false
00:02 +3: burst pointer movement accumulates before redraw: false/true
00:02 +4: burst pointer movement accumulates before redraw: true/false
00:02 +5: burst pointer movement accumulates before redraw: true/true
00:02 +6: reference tap versus short drag boundary: -9.0 pixels
00:02 +7: reference tap versus short drag boundary: -8.0 pixels
00:03 +8: reference tap versus short drag boundary: -7.0 pixels
00:03 +9: reference tap versus short drag boundary: 7.0 pixels
00:03 +10: reference tap versus short drag boundary: 8.0 pixels
00:03 +11: reference tap versus short drag boundary: 9.0 pixels
00:03 +12: card follows finger immediately, threshold returns, cancel never saves, exit lasts 280ms
00:04 +13: incoming card follows a new gesture immediately; right=false
00:04 +14: incoming card follows a new gesture immediately; right=true
00:04 +15: returning from favorites preserves the card without replaying entry
00:04 +16: support entry and interrupted gesture; reduced=false
00:05 +17: support entry and interrupted gesture; reduced=true
00:05 +18: small screen large text keeps species and actions reachable
00:05 +19: slow favorite does not delay next card and failure offers persistence retry
00:05 +20: favorite confirmation shares the exit time instead of delaying it
00:05 +21: reduced motion advances without a timed exit
00:05 +22: a short drag returns on the CSS curve and a new drag interrupts it
00:05 +23: exit frames interpolate CSS angle and translation independently
00:06 +24: All tests passed!
