00:00 +0: loading C:/Users/betoq/AppData/Local/Temp/dopmi-parity-20260930/mobile/test/discovery_motion_test.dart
00:00 +0: C:/Users/betoq/AppData/Local/Temp/dopmi-parity-20260930/mobile/test/rescuer_mode_control_test.dart: mode control focuses its track and keeps the full touch target: false
00:01 +1: C:/Users/betoq/AppData/Local/Temp/dopmi-parity-20260930/mobile/test/discovery_motion_test.dart: guest save requests login without advancing or writing favorite
00:01 +2: C:/Users/betoq/AppData/Local/Temp/dopmi-parity-20260930/mobile/test/discovery_motion_test.dart: guest save requests login without advancing or writing favorite
00:01 +3: C:/Users/betoq/AppData/Local/Temp/dopmi-parity-20260930/mobile/test/discovery_motion_test.dart: guest save requests login without advancing or writing favorite
00:01 +4: C:/Users/betoq/AppData/Local/Temp/dopmi-parity-20260930/mobile/test/discovery_motion_test.dart: guest save requests login without advancing or writing favorite
00:03 +5: C:/Users/betoq/AppData/Local/Temp/dopmi-parity-20260930/mobile/test/discovery_motion_test.dart: guest save requests login without advancing or writing favorite
00:03 +6: C:/Users/betoq/AppData/Local/Temp/dopmi-parity-20260930/mobile/test/discovery_motion_test.dart: guest save requests login without advancing or writing favorite
00:03 +7: C:/Users/betoq/AppData/Local/Temp/dopmi-parity-20260930/mobile/test/discovery_motion_test.dart: guest save requests login without advancing or writing favorite
00:03 +8: C:/Users/betoq/AppData/Local/Temp/dopmi-parity-20260930/mobile/test/rescuer_profile_activity_test.dart: settled Guardian activity displays net and opens its actual expense
00:03 +9: C:/Users/betoq/AppData/Local/Temp/dopmi-parity-20260930/mobile/test/rescuer_profile_activity_test.dart: settled Guardian activity displays net and opens its actual expense
00:03 +10: C:/Users/betoq/AppData/Local/Temp/dopmi-parity-20260930/mobile/test/rescuer_profile_activity_test.dart: settled Guardian activity displays net and opens its actual expense
00:03 +11: C:/Users/betoq/AppData/Local/Temp/dopmi-parity-20260930/mobile/test/rescuer_profile_activity_test.dart: settled Guardian activity displays net and opens its actual expense
00:04 +12: C:/Users/betoq/AppData/Local/Temp/dopmi-parity-20260930/mobile/test/rescuer_profile_activity_test.dart: settled Guardian activity displays net and opens its actual expense
00:04 +13: C:/Users/betoq/AppData/Local/Temp/dopmi-parity-20260930/mobile/test/rescuer_profile_activity_test.dart: settled Guardian activity displays net and opens its actual expense
00:04 +14: C:/Users/betoq/AppData/Local/Temp/dopmi-parity-20260930/mobile/test/rescuer_profile_activity_test.dart: settled Guardian activity displays net and opens its actual expense
00:04 +15: C:/Users/betoq/AppData/Local/Temp/dopmi-parity-20260930/mobile/test/rescuer_profile_activity_test.dart: settled Guardian activity displays net and opens its actual expense
00:04 +16: C:/Users/betoq/AppData/Local/Temp/dopmi-parity-20260930/mobile/test/rescuer_profile_activity_test.dart: settled Guardian activity displays net and opens its actual expense
00:04 +17: C:/Users/betoq/AppData/Local/Temp/dopmi-parity-20260930/mobile/test/rescuer_profile_activity_test.dart: settled Guardian activity displays net and opens its actual expense
00:05 +18: C:/Users/betoq/AppData/Local/Temp/dopmi-parity-20260930/mobile/test/rescuer_profile_activity_test.dart: settled Guardian activity displays net and opens its actual expense
00:05 +19: C:/Users/betoq/AppData/Local/Temp/dopmi-parity-20260930/mobile/test/rescuer_profile_activity_test.dart: settled Guardian activity displays net and opens its actual expense
00:05 +20: C:/Users/betoq/AppData/Local/Temp/dopmi-parity-20260930/mobile/test/rescuer_profile_activity_test.dart: settled Guardian activity displays net and opens its actual expense
00:05 +21: C:/Users/betoq/AppData/Local/Temp/dopmi-parity-20260930/mobile/test/discovery_motion_test.dart: burst pointer movement accumulates before redraw: false/false
00:05 +22: C:/Users/betoq/AppData/Local/Temp/dopmi-parity-20260930/mobile/test/rescuer_profile_activity_test.dart: activity home link opens the actual rescuer home by keyboard
00:06 +23: C:/Users/betoq/AppData/Local/Temp/dopmi-parity-20260930/mobile/test/rescuer_profile_activity_test.dart: activity home link opens the actual rescuer home by keyboard
00:06 +24: C:/Users/betoq/AppData/Local/Temp/dopmi-parity-20260930/mobile/test/discovery_motion_test.dart: burst pointer movement accumulates before redraw: true/false
00:06 +25: C:/Users/betoq/AppData/Local/Temp/dopmi-parity-20260930/mobile/test/rescuer_profile_activity_test.dart: activity shows actual allocation states and expense IDs; large=false
00:06 +26: C:/Users/betoq/AppData/Local/Temp/dopmi-parity-20260930/mobile/test/discovery_motion_test.dart: burst pointer movement accumulates before redraw: true/true
00:06 +27: C:/Users/betoq/AppData/Local/Temp/dopmi-parity-20260930/mobile/test/rescuer_profile_activity_test.dart: activity shows actual allocation states and expense IDs; large=true
00:06 +28: C:/Users/betoq/AppData/Local/Temp/dopmi-parity-20260930/mobile/test/discovery_motion_test.dart: reference tap versus short drag boundary: -9.0 pixels
00:06 +29: C:/Users/betoq/AppData/Local/Temp/dopmi-parity-20260930/mobile/test/discovery_motion_test.dart: reference tap versus short drag boundary: -9.0 pixels
00:06 +30: C:/Users/betoq/AppData/Local/Temp/dopmi-parity-20260930/mobile/test/rescuer_profile_activity_test.dart: empty activity offers real next step; approved=true
00:06 +31: C:/Users/betoq/AppData/Local/Temp/dopmi-parity-20260930/mobile/test/discovery_motion_test.dart: reference tap versus short drag boundary: -8.0 pixels
00:07 +32: C:/Users/betoq/AppData/Local/Temp/dopmi-parity-20260930/mobile/test/discovery_motion_test.dart: reference tap versus short drag boundary: -7.0 pixels
00:07 +33: C:/Users/betoq/AppData/Local/Temp/dopmi-parity-20260930/mobile/test/discovery_motion_test.dart: reference tap versus short drag boundary: 7.0 pixels
00:07 +34: C:/Users/betoq/AppData/Local/Temp/dopmi-parity-20260930/mobile/test/discovery_motion_test.dart: reference tap versus short drag boundary: 8.0 pixels
00:07 +35: C:/Users/betoq/AppData/Local/Temp/dopmi-parity-20260930/mobile/test/discovery_motion_test.dart: reference tap versus short drag boundary: 9.0 pixels
00:07 +36: C:/Users/betoq/AppData/Local/Temp/dopmi-parity-20260930/mobile/test/discovery_motion_test.dart: card follows finger immediately, threshold returns, cancel never saves, exit lasts 280ms
00:08 +37: C:/Users/betoq/AppData/Local/Temp/dopmi-parity-20260930/mobile/test/discovery_motion_test.dart: incoming card follows a new gesture immediately; right=false
00:08 +38: C:/Users/betoq/AppData/Local/Temp/dopmi-parity-20260930/mobile/test/discovery_motion_test.dart: incoming card follows a new gesture immediately; right=true
00:08 +39: C:/Users/betoq/AppData/Local/Temp/dopmi-parity-20260930/mobile/test/discovery_motion_test.dart: returning from favorites preserves the card without replaying entry
00:08 +40: C:/Users/betoq/AppData/Local/Temp/dopmi-parity-20260930/mobile/test/discovery_motion_test.dart: support entry and interrupted gesture; reduced=false
00:08 +41: C:/Users/betoq/AppData/Local/Temp/dopmi-parity-20260930/mobile/test/discovery_motion_test.dart: support entry and interrupted gesture; reduced=true
00:09 +42: C:/Users/betoq/AppData/Local/Temp/dopmi-parity-20260930/mobile/test/discovery_motion_test.dart: small screen large text keeps species and actions reachable
00:09 +43: C:/Users/betoq/AppData/Local/Temp/dopmi-parity-20260930/mobile/test/discovery_motion_test.dart: slow favorite does not delay next card and failure offers persistence retry
00:09 +44: C:/Users/betoq/AppData/Local/Temp/dopmi-parity-20260930/mobile/test/discovery_motion_test.dart: favorite confirmation shares the exit time instead of delaying it
00:09 +45: C:/Users/betoq/AppData/Local/Temp/dopmi-parity-20260930/mobile/test/discovery_motion_test.dart: reduced motion advances without a timed exit
00:09 +46: C:/Users/betoq/AppData/Local/Temp/dopmi-parity-20260930/mobile/test/discovery_motion_test.dart: a short drag returns on the CSS curve and a new drag interrupts it
00:09 +47: C:/Users/betoq/AppData/Local/Temp/dopmi-parity-20260930/mobile/test/discovery_motion_test.dart: exit frames interpolate CSS angle and translation independently
00:10 +48: All tests passed!
